src/components/CastButton.tsx(186,31): error TS1343: The 'import.meta' meta-property is only allowed when the '--module' option is 'es2020', 'es2022', 'esnext', 'system', 'node16', or 'nodenext'.
src/components/CastButton.tsx(186,43): error TS2339: Property 'env' does not exist on type 'ImportMeta'.
src/components/live/PinnedLinkOverlay.tsx(16,30): error TS1343: The 'import.meta' meta-property is only allowed when the '--module' option is 'es2020', 'es2022', 'esnext', 'system', 'node16', or 'nodenext'.
src/components/live/PinnedLinkOverlay.tsx(16,72): error TS1343: The 'import.meta' meta-property is only allowed when the '--module' option is 'es2020', 'es2022', 'esnext', 'system', 'node16', or 'nodenext'.
src/components/live/PollDisplay.tsx(27,28): error TS1343: The 'import.meta' meta-property is only allowed when the '--module' option is 'es2020', 'es2022', 'esnext', 'system', 'node16', or 'nodenext'.
src/components/live/PollDisplay.tsx(27,70): error TS1343: The 'import.meta' meta-property is only allowed when the '--module' option is 'es2020', 'es2022', 'esnext', 'system', 'node16', or 'nodenext'.
src/components/live/VipMessageOverlay.tsx(24,24): error TS1343: The 'import.meta' meta-property is only allowed when the '--module' option is 'es2020', 'es2022', 'esnext', 'system', 'node16', or 'nodenext'.
src/components/LiveViewer.tsx(99,24): error TS1343: The 'import.meta' meta-property is only allowed when the '--module' option is 'es2020', 'es2022', 'esnext', 'system', 'node16', or 'nodenext'.
src/components/LiveViewer.tsx(99,36): error TS2339: Property 'env' does not exist on type 'ImportMeta'.
src/components/pool/PoolBetModal.tsx(111,14): error TS2339: Property 'catch' does not exist on type 'PromiseLike<void>'.
src/components/pool/PoolBetModal.tsx(313,35): error TS1343: The 'import.meta' meta-property is only allowed when the '--module' option is 'es2020', 'es2022', 'esnext', 'system', 'node16', or 'nodenext'.
src/components/pool/PoolBetModal.tsx(313,47): error TS2339: Property 'env' does not exist on type 'ImportMeta'.
src/components/pool/PoolBetModal.tsx(319,29): error TS1343: The 'import.meta' meta-property is only allowed when the '--module' option is 'es2020', 'es2022', 'esnext', 'system', 'node16', or 'nodenext'.
src/components/pool/PoolBetModal.tsx(319,41): error TS2339: Property 'env' does not exist on type 'ImportMeta'.
src/components/WhepPlayer.tsx(116,5): error TS1343: The 'import.meta' meta-property is only allowed when the '--module' option is 'es2020', 'es2022', 'esnext', 'system', 'node16', or 'nodenext'.
src/components/WhepPlayer.tsx(116,17): error TS2339: Property 'env' does not exist on type 'ImportMeta'.
src/features/chat/chatSlotRegistry.ts(35,22): error TS2802: Type 'MapIterator<ChatSlot>' can only be iterated through when using the '--downlevelIteration' flag or with a '--target' of 'es2015' or higher.
src/features/chat/StreamRegistryProvider.tsx(9,32): error TS1343: The 'import.meta' meta-property is only allowed when the '--module' option is 'es2020', 'es2022', 'esnext', 'system', 'node16', or 'nodenext'.
src/features/chat/StreamRegistryProvider.tsx(9,74): error TS1343: The 'import.meta' meta-property is only allowed when the '--module' option is 'es2020', 'es2022', 'esnext', 'system', 'node16', or 'nodenext'.
src/features/chat/useRegisterStreamId.ts(11,32): error TS1343: The 'import.meta' meta-property is only allowed when the '--module' option is 'es2020', 'es2022', 'esnext', 'system', 'node16', or 'nodenext'.
src/features/chat/useRegisterStreamId.ts(11,74): error TS1343: The 'import.meta' meta-property is only allowed when the '--module' option is 'es2020', 'es2022', 'esnext', 'system', 'node16', or 'nodenext'.
src/hooks/useLiveStatus.ts(6,34): error TS1343: The 'import.meta' meta-property is only allowed when the '--module' option is 'es2020', 'es2022', 'esnext', 'system', 'node16', or 'nodenext'.
src/hooks/useLiveStatus.ts(6,76): error TS1343: The 'import.meta' meta-property is only allowed when the '--module' option is 'es2020', 'es2022', 'esnext', 'system', 'node16', or 'nodenext'.
src/hooks/useSocket.ts(12,18): error TS1343: The 'import.meta' meta-property is only allowed when the '--module' option is 'es2020', 'es2022', 'esnext', 'system', 'node16', or 'nodenext'.
src/hooks/useSocket.ts(12,30): error TS2339: Property 'env' does not exist on type 'ImportMeta'.
src/hooks/useSocket.ts(34,30): error TS1343: The 'import.meta' meta-property is only allowed when the '--module' option is 'es2020', 'es2022', 'esnext', 'system', 'node16', or 'nodenext'.
src/hooks/useSocket.ts(34,72): error TS1343: The 'import.meta' meta-property is only allowed when the '--module' option is 'es2020', 'es2022', 'esnext', 'system', 'node16', or 'nodenext'.
src/lib/supabase.ts(3,21): error TS1343: The 'import.meta' meta-property is only allowed when the '--module' option is 'es2020', 'es2022', 'esnext', 'system', 'node16', or 'nodenext'.
src/lib/supabase.ts(3,33): error TS2339: Property 'env' does not exist on type 'ImportMeta'.
src/lib/supabase.ts(4,25): error TS1343: The 'import.meta' meta-property is only allowed when the '--module' option is 'es2020', 'es2022', 'esnext', 'system', 'node16', or 'nodenext'.
src/lib/supabase.ts(4,37): error TS2339: Property 'env' does not exist on type 'ImportMeta'.
src/lib/supabase.ts(35,16): error TS1343: The 'import.meta' meta-property is only allowed when the '--module' option is 'es2020', 'es2022', 'esnext', 'system', 'node16', or 'nodenext'.
src/lib/supabase.ts(35,28): error TS2339: Property 'env' does not exist on type 'ImportMeta'.
src/pages/ZkTVPage.tsx(57,28): error TS1343: The 'import.meta' meta-property is only allowed when the '--module' option is 'es2020', 'es2022', 'esnext', 'system', 'node16', or 'nodenext'.
src/pages/ZkTVPage.tsx(57,70): error TS1343: The 'import.meta' meta-property is only allowed when the '--module' option is 'es2020', 'es2022', 'esnext', 'system', 'node16', or 'nodenext'.
src/pages/ZkTVPage.tsx(1306,21): error TS2322: Type '{ isOpen: boolean; onClose: () => void; streamId: string; isActive: boolean; }' is not assignable to type 'IntrinsicAttributes & Omit<ChatDrawerProps, "streamId" | "isActive">'.
  Property 'streamId' does not exist on type 'IntrinsicAttributes & Omit<ChatDrawerProps, "streamId" | "isActive">'.
src/services/cachedLiveService.ts(9,29): error TS1343: The 'import.meta' meta-property is only allowed when the '--module' option is 'es2020', 'es2022', 'esnext', 'system', 'node16', or 'nodenext'.
src/services/cachedLiveService.ts(9,71): error TS1343: The 'import.meta' meta-property is only allowed when the '--module' option is 'es2020', 'es2022', 'esnext', 'system', 'node16', or 'nodenext'.
src/services/cachedLiveService.ts(11,27): error TS1343: The 'import.meta' meta-property is only allowed when the '--module' option is 'es2020', 'es2022', 'esnext', 'system', 'node16', or 'nodenext'.
src/services/cachedLiveService.ts(11,39): error TS2339: Property 'env' does not exist on type 'ImportMeta'.
src/services/googleTtsService.ts(28,24): error TS1343: The 'import.meta' meta-property is only allowed when the '--module' option is 'es2020', 'es2022', 'esnext', 'system', 'node16', or 'nodenext'.
src/services/googleTtsService.ts(28,36): error TS2339: Property 'env' does not exist on type 'ImportMeta'.
src/services/googleTtsService.ts(55,38): error TS1343: The 'import.meta' meta-property is only allowed when the '--module' option is 'es2020', 'es2022', 'esnext', 'system', 'node16', or 'nodenext'.
src/services/googleTtsService.ts(55,50): error TS2339: Property 'env' does not exist on type 'ImportMeta'.
