src/components/live/VideoStream.tsx(125,29): error TS2339: Property 'env' does not exist on type 'ImportMeta'.
src/components/live/VideoStream.tsx(126,29): error TS2339: Property 'env' does not exist on type 'ImportMeta'.
src/components/live/VideoStream.tsx(237,23): error TS2345: Argument of type 'ICameraVideoTrack' is not assignable to parameter of type 'SetStateAction<ILocalVideoTrack>'.
  Type 'ICameraVideoTrack' is not assignable to type 'ILocalVideoTrack'.
    The types returned by 'play(...)' are incompatible between these types.
      Type 'void' is not assignable to type 'Promise<void>'.
src/components/live/VideoStream.tsx(465,5): error TS2322: Type 'import("C:/Users/Talle/Desktop/talles/kpremios-master/node_modules/agora-rtc-sdk-ng/rtc-sdk_en").IAgoraRTCClient' is not assignable to type 'IAgoraRTCClient'.
  Types of property 'localTracks' are incompatible.
    Type 'ILocalTrack[]' is not assignable to type '(ILocalVideoTrack | ILocalAudioTrack)[]'.
      Type 'ILocalTrack' is not assignable to type 'ILocalVideoTrack | ILocalAudioTrack'.
        Property 'setDevice' is missing in type 'ILocalTrack' but required in type 'ILocalVideoTrack'.
src/components/live/VideoStream.tsx(1369,13): error TS2322: Type 'ICameraVideoTrack' is not assignable to type 'ILocalVideoTrack'.
  The types returned by 'play(...)' are incompatible between these types.
    Type 'void' is not assignable to type 'Promise<void>'.
src/components/live/VideoStream.tsx(1397,19): error TS2367: This comparison appears to be unintentional because the types 'ILocalVideoTrack' and 'ICameraVideoTrack' have no overlap.
src/components/live/VideoStream.tsx(1573,11): error TS2322: Type 'IMicrophoneAudioTrack' is not assignable to type 'ILocalAudioTrack'.
  The types returned by 'play()' are incompatible between these types.
    Type 'void' is not assignable to type 'Promise<void>'.
src/components/live/VideoStream.tsx(2052,7): error TS2322: Type 'IMicrophoneAudioTrack' is not assignable to type 'ILocalAudioTrack'.
  The types returned by 'play()' are incompatible between these types.
    Type 'void' is not assignable to type 'Promise<void>'.
